> Task :checkKotlinGradlePluginConfigurationErrors SKIPPED
> Task :compileKotlin UP-TO-DATE
> Task :compileJava NO-SOURCE
> Task :processResources UP-TO-DATE
> Task :classes UP-TO-DATE
> Task :resolveMainClassName UP-TO-DATE

> Task :bootRun

  .   ____          _            __ _ _
 /\\ / ___'_ __ _ _(_)_ __  __ _ \ \ \ \
( ( )\___ | '_ | '_| | '_ \/ _` | \ \ \ \
 \\/  ___)| |_)| | | | | || (_| |  ) ) ) )
  '  |____| .__|_| |_|_| |_\__, | / / / /
 =========|_|==============|___/=/_/_/_/

 :: Spring Boot ::                (v3.5.0)

2026-09-04T01:18:22.755Z  INFO 2308 --- [           main] c.a.v.storage.VideoStorageApplicationKt  : Starting VideoStorageApplicationKt using Java 17.0.20 with PID 2308 (/workspace/build/classes/kotlin/main started by root in /workspace)
2026-09-04T01:18:22.773Z DEBUG 2308 --- [           main] c.a.v.storage.VideoStorageApplicationKt  : Running with Spring Boot v3.5.0, Spring v6.2.7
2026-09-04T01:18:22.773Z  INFO 2308 --- [           main] c.a.v.storage.VideoStorageApplicationKt  : No active profile set, falling back to 1 default profile: "default"
2026-09-04T01:18:24.274Z DEBUG 2308 --- [           main] o.m.s.mapper.ClassPathMapperScanner      : Identified candidate component class: file [/workspace/build/classes/kotlin/main/com/atashi/vide/storage/dao/VideoMapper.class]
2026-09-04T01:18:24.275Z DEBUG 2308 --- [           main] o.m.s.mapper.ClassPathMapperScanner      : Creating MapperFactoryBean with name 'videoMapper' and 'com.atashi.vide.storage.dao.VideoMapper' mapperInterface
2026-09-04T01:18:24.317Z DEBUG 2308 --- [           main] o.m.s.mapper.ClassPathMapperScanner      : Enabling autowire by type for MapperFactoryBean with name 'videoMapper'.
2026-09-04T01:18:24.686Z  INFO 2308 --- [           main] o.s.b.w.embedded.tomcat.TomcatWebServer  : Tomcat initialized with port 8080 (http)
2026-09-04T01:18:24.722Z  INFO 2308 --- [           main] o.apache.catalina.core.StandardService   : Starting service [Tomcat]
2026-09-04T01:18:24.723Z  INFO 2308 --- [           main] o.apache.catalina.core.StandardEngine    : Starting Servlet engine: [Apache Tomcat/10.1.41]
2026-09-04T01:18:24.765Z  INFO 2308 --- [           main] o.a.c.c.C.[Tomcat].[localhost].[/]       : Initializing Spring embedded WebApplicationContext
2026-09-04T01:18:24.767Z  INFO 2308 --- [           main] w.s.c.ServletWebServerApplicationContext : Root WebApplicationContext: initialization completed in 1814 ms
2026-09-04T01:18:25.110Z DEBUG 2308 --- [           main] o.mybatis.spring.SqlSessionFactoryBean   : Parsed mapper file: 'file [/workspace/build/resources/main/mybatis/mapper/VideoMapper.xml]'
2026-09-04T01:18:25.126Z  INFO 2308 --- [           main] com.zaxxer.hikari.HikariDataSource       : HikariPool-1 - Starting...
2026-09-04T01:18:25.430Z  INFO 2308 --- [           main] com.zaxxer.hikari.pool.HikariPool        : HikariPool-1 - Added connection conn1: url=jdbc:h2:file:./data/videostorage user=SA
2026-09-04T01:18:25.432Z  INFO 2308 --- [           main] com.zaxxer.hikari.HikariDataSource       : HikariPool-1 - Start completed.
2026-09-04T01:18:25.553Z  INFO 2308 --- [           main] o.s.b.a.w.s.WelcomePageHandlerMapping    : Adding welcome page: class path resource [static/index.html]
2026-09-04T01:18:25.874Z  INFO 2308 --- [           main] o.s.b.a.h2.H2ConsoleAutoConfiguration    : H2 console available at '/h2-console'. Database available at 'jdbc:h2:file:./data/videostorage'
2026-09-04T01:18:25.974Z  INFO 2308 --- [           main] o.s.b.w.embedded.tomcat.TomcatWebServer  : Tomcat started on port 8080 (http) with context path '/'
2026-09-04T01:18:26.014Z  INFO 2308 --- [           main] c.a.v.storage.VideoStorageApplicationKt  : Started VideoStorageApplicationKt in 3.9 seconds (process running for 4.289)
2026-09-04T01:18:42.821Z  INFO 2308 --- [nio-8080-exec-1] o.a.c.c.C.[Tomcat].[localhost].[/]       : Initializing Spring DispatcherServlet 'dispatcherServlet'
2026-09-04T01:18:42.821Z  INFO 2308 --- [nio-8080-exec-1] o.s.web.servlet.DispatcherServlet        : Initializing Servlet 'dispatcherServlet'
2026-09-04T01:18:42.823Z  INFO 2308 --- [nio-8080-exec-1] o.s.web.servlet.DispatcherServlet        : Completed initialization in 1 ms
2026-09-04T01:18:45.525Z DEBUG 2308 --- [nio-8080-exec-3] org.mybatis.spring.SqlSessionUtils       : Creating a new SqlSession
2026-09-04T01:18:45.528Z DEBUG 2308 --- [nio-8080-exec-3] org.mybatis.spring.SqlSessionUtils       : SqlSession [org.apache.ibatis.session.defaults.DefaultSqlSession@31700cd4] was not registered for synchronization because synchronization is not active
2026-09-04T01:18:45.536Z DEBUG 2308 --- [nio-8080-exec-3] o.m.s.t.SpringManagedTransaction         : JDBC Connection [HikariProxyConnection@1576522503 wrapping conn1: url=jdbc:h2:file:./data/videostorage user=SA] will not be managed by Spring
2026-09-04T01:18:45.538Z DEBUG 2308 --- [nio-8080-exec-3] c.a.v.storage.dao.VideoMapper.selectAll  : ==>  Preparing: SELECT id, v_name, v_type, v_rank, v_author, v_tag, v_series, v_season, v_number, v_file FROM video ORDER BY id DESC
2026-09-04T01:18:45.556Z DEBUG 2308 --- [nio-8080-exec-3] c.a.v.storage.dao.VideoMapper.selectAll  : ==> Parameters: 
2026-09-04T01:18:45.575Z DEBUG 2308 --- [nio-8080-exec-3] c.a.v.storage.dao.VideoMapper.selectAll  : <==      Total: 0
2026-09-04T01:18:45.576Z DEBUG 2308 --- [nio-8080-exec-3] org.mybatis.spring.SqlSessionUtils       : Closing non transactional SqlSession [org.apache.ibatis.session.defaults.DefaultSqlSession@31700cd4]
2026-09-04T01:18:47.968Z DEBUG 2308 --- [nio-8080-exec-2] org.mybatis.spring.SqlSessionUtils       : Creating a new SqlSession
2026-09-04T01:18:47.969Z DEBUG 2308 --- [nio-8080-exec-2] org.mybatis.spring.SqlSessionUtils       : SqlSession [org.apache.ibatis.session.defaults.DefaultSqlSession@4f8449de] was not registered for synchronization because synchronization is not active
2026-09-04T01:18:47.985Z DEBUG 2308 --- [nio-8080-exec-2] o.m.s.t.SpringManagedTransaction         : JDBC Connection [HikariProxyConnection@462306021 wrapping conn1: url=jdbc:h2:file:./data/videostorage user=SA] will not be managed by Spring
2026-09-04T01:18:47.986Z DEBUG 2308 --- [nio-8080-exec-2] c.a.v.s.d.VideoMapper.searchByCondition  : ==>  Preparing: SELECT id, v_name, v_type, v_rank, v_author, v_tag, v_series, v_season, v_number, v_file FROM video WHERE (v_rank IS NULL OR v_rank = '' OR LOWER(v_rank) != LOWER(?)) ORDER BY id DESC
2026-09-04T01:18:47.988Z DEBUG 2308 --- [nio-8080-exec-2] c.a.v.s.d.VideoMapper.searchByCondition  : ==> Parameters: 18+(String)
2026-09-04T01:18:47.989Z DEBUG 2308 --- [nio-8080-exec-2] c.a.v.s.d.VideoMapper.searchByCondition  : <==      Total: 0
2026-09-04T01:18:47.989Z DEBUG 2308 --- [nio-8080-exec-2] org.mybatis.spring.SqlSessionUtils       : Closing non transactional SqlSession [org.apache.ibatis.session.defaults.DefaultSqlSession@4f8449de]
